node : SyntaxError: 
Unexpected token '<', 
"<!DOCTYPE "... is not 
valid JSON
At line:1 char:1
+ node -e "
+ ~~~~~~~~~
    + CategoryInfo        
      : NotSpecified: (S  
  yntaxError: Un... not   
  valid JSON:String) [    
], RemoteException
    + FullyQualifiedError 
   Id : NativeCommandErr  
  or
 
    at JSON.parse 
(<anonymous>)
    at parseJSONFromBytes 
(node:internal/deps/undici
/undici:4259:19)
    at successSteps (node:
internal/deps/undici/undic
i:6882:27)
    at readAllBytes (node:
internal/deps/undici/undic
i:5807:13)
    at process.processTick
sAndRejections (node:inter
nal/process/task_queues:10
3:5)
